---
source: tests/snapshots.rs
expression: run(path)
input_file: examples/input/polymorphic.tk
---
def id : (A : Type) -> A -> A := fun (A : Type) => fun (x : A) => x
def const : (A : Type) -> (B : Type) -> A -> B -> A := fun (A : Type) => fun (B : Type) => fun (a : A) => fun (b : B) => a
def two : Nat := succ (succ zero)
fun (A : Type) => fun (x : A) => x : (A : Type) -> A -> A
succ (succ zero) : Nat
succ (succ (succ zero))
succ (succ zero)
